<html>
<body>
<pre>
<h1>µVision Build Log</h1>
<h2>Tool Versions:</h2>
IDE-Version: µVision V5.29.0.0
Copyright (C) 2019 ARM Ltd and ARM Germany GmbH. All rights reserved.
License Information: Des Sada, Bosched, LIC=585FJ-UKH2W-EVT1R-K2ARQ-8LH2Q-J4C0G
 
Tool Versions:
Toolchain:       MDK-ARM Plus  Version: 5.29.0.0
Toolchain Path:  C:\Keil_v5\ARM\ARMCC\Bin
C Compiler:      Armcc.exe V5.06 update 6 (build 750)
Assembler:       Armasm.exe V5.06 update 6 (build 750)
Linker/Locator:  ArmLink.exe V5.06 update 6 (build 750)
Library Manager: ArmAr.exe V5.06 update 6 (build 750)
Hex Converter:   FromElf.exe V5.06 update 6 (build 750)
CPU DLL:         SARMCM3.DLL V5.29.0.0
Dialog DLL:      DCM.DLL V1.17.3.0
Target DLL:      STLink\ST-LINKIII-KEIL_SWO.dll V3.0.7.0
Dialog DLL:      TCM.DLL V1.36.5.0
 
<h2>Project:</h2>
E:\Udemy\STM32\M3M4M7\MyLearning\BootLoader\BootLoader\MDK-ARM\BootLoader.uvprojx
Project File Date:  01/01/2022

<h2>Output:</h2>
*** Using Compiler 'V5.06 update 6 (build 750)', folder: 'C:\Keil_v5\ARM\ARMCC\Bin'
Build target 'BootLoader'
compiling main.c...
../Core/Src/main.c(409): warning:  #513-D: a value of type "void *" cannot be assigned to an entity of type "void (*)(void)"
  	ptr_reset_handler = (void*)(*(uint32_t*)(user_base_flash + 4u));
../Core/Src/main.c(536): warning:  #144-D: a value of type "void *" cannot be used to initialize an entity of type "void (*)(void)"
  			void (*lets_jump)(void) = (void *)go_address;
../Core/Src/main.c(241): warning:  #177-D: function "get_tick"  was declared but never referenced
  static uint32_t get_tick( void ){
../Core/Src/main.c(277): warning:  #177-D: function "led_status_uart_transmit"  was declared but never referenced
  static uint8_t led_status_uart_transmit(void){
../Core/Src/main.c(287): warning:  #177-D: function "printmsg"  was declared but never referenced
  static uint8_t printmsg(char *format, ...){
../Core/Src/main.c: 5 warnings, 0 errors
linking...
Program Size: Code=7732 RO-data=300 RW-data=24 ZI-data=1120  
"BootLoader\BootLoader.axf" - 0 Error(s), 5 Warning(s).

<h2>Software Packages used:</h2>

Package Vendor: ARM
                http://www.keil.com/pack/ARM.CMSIS.5.6.0.pack
                ARM.CMSIS.5.6.0
                CMSIS (Cortex Microcontroller Software Interface Standard)
   * Component: CORE Version: 5.3.0

Package Vendor: Keil
                http://www.keil.com/pack/Keil.STM32F1xx_DFP.2.3.0.pack
                Keil.STM32F1xx_DFP.2.3.0
                STMicroelectronics STM32F1 Series Device Support, Drivers and Examples

<h2>Collection of Component include folders:</h2>
  .\RTE\_BootLoader
  C:\Keil_v5\ARM\PACK\ARM\CMSIS\5.6.0\CMSIS\Core\Include
  C:\Keil_v5\ARM\PACK\Keil\STM32F1xx_DFP\2.3.0\Device\Include

<h2>Collection of Component Files used:</h2>

   * Component: ARM::CMSIS:CORE:5.3.0
Build Time Elapsed:  00:00:02
</pre>
</body>
</html>
